{
    "$version": "3.0",
    "$xmlns:xsi": "http://www.w3.org/2001/XMLSchema-instance",
    "$xsi:nonamespaceschemalocation": "vast.xsd",
    "$ads": [{
        "$id": "preroll-1",
        "$sequence": "1",
        "$type": "inline",
        "$adsystem": "DART_DFP",
        "$adtitle": "",
        "$description": "",
        "$survey": "",
        "$impression": [
            "http://ad.doubleclick.net/imp;v7;x;232859236;0-0;1;13452535;200/200;39455789/39473576/1;;~aopt=2/1/ff/1;~okv=;kw=angelahtml5;sz=200x200;dcmt=text/xml;~cs=l%3fhttp://s0.2mdn.net/dot.gif"
        ],
        "$creatives": [{
            "$sequence": "1",
            "$adid": "",
            "$type": "linear",
            "$skipoffset": "20%",
            "$duration": "00:00:52",
            "$trackingevents": {
                "$start": [
                    "http://ad.doubleclick.net/activity;src=1248596;met=1;v=1;pid=13452535;aid=232859236;ko=1;cid=39455789;rid=39473576;rv=1;timestamp=1768586;eid1=11;ecn1=1;etm1=0;"
                ],
                "$firstquartile": [],
                "$midpoint": [
                    "http://ad.doubleclick.net/activity;src=1248596;met=1;v=1;pid=13452535;aid=232859236;ko=1;cid=39455789;rid=39473576;rv=1;timestamp=1768586;eid1=18;ecn1=1;etm1=0;"
                ],
                "$thirdquartile": [],
                "$complete": [
                    "http://ad.doubleclick.net/activity;src=1248596;met=1;v=1;pid=13452535;aid=232859236;ko=1;cid=39455789;rid=39473576;rv=1;timestamp=1768586;eid1=13;ecn1=1;etm1=0;"
                ],
                "$pause": [
                    "http://ad.doubleclick.net/activity;src=1248596;met=1;v=1;pid=13452535;aid=232859236;ko=1;cid=39455789;rid=39473576;rv=1;timestamp=1768586;eid1=15;ecn1=1;etm1=0;"
                ],
                "$resume": [],
                "$mute": [
                    "http://ad.doubleclick.net/activity;src=1248596;met=1;v=1;pid=13452535;aid=232859236;ko=1;cid=39455789;rid=39473576;rv=1;timestamp=1768586;eid1=16;ecn1=1;etm1=0;"
                ],
                "$unmute": [],
                "$expand": [],
                "$collapse": [],
                "$rewind": [],
                "$skip": [],
                "$close": [],
                "$creativeview": [],
                "$fullscreen": [
                    "http://ad.doubleclick.net/activity;src=1248596;met=1;v=1;pid=13452535;aid=232859236;ko=1;cid=39455789;rid=39473576;rv=1;timestamp=1768586;eid1=19;ecn1=1;etm1=0;"
                ],
                "$acceptinvitation": [],
                "$exitfullscreen": [],
                "$acceptinvitationlinear": [],
                "$closelinear": [],
                "$progress": {
                    "1": [],
                    "2": [],
                    "3": [],
                    "4": [],
                    "5": [],
                    "6": [],
                    "7": [],
                    "8": [],
                    "9": [],
                    "10": [],
                    "11": [],
                    "12": [],
                    "13": [],
                    "14": [],
                    "15": [],
                    "16": [],
                    "17": [],
                    "18": [],
                    "19": [],
                    "20": [],
                    "21": [],
                    "22": [],
                    "23": [],
                    "24": [],
                    "25": [],
                    "26": [],
                    "27": [],
                    "28": [],
                    "29": [],
                    "30": [],
                    "31": [],
                    "32": [],
                    "33": [],
                    "34": [],
                    "35": [],
                    "36": [],
                    "37": [],
                    "38": [],
                    "39": [],
                    "40": [],
                    "41": [],
                    "42": [],
                    "43": [],
                    "44": [],
                    "45": [],
                    "46": [],
                    "47": [],
                    "48": [],
                    "49": [],
                    "50": [],
                    "51": [],
                    "52": []
                }
            },
            "$adparameters": "",
            "$videoclicks": {
                "$clickthrough": [
                    "http://www.google.com"
                ],
                "$clicktracking": [
                    "http://ad.doubleclick.net/click%3Bh%3Dv8/3ac0/3/0/%2a/r%3B232859236%3B0-0%3B1%3B13452535%3B496-200/200%3B39455789/39473576/1%3B%3B%7Eaopt%3D2/1/ff/1%3B%7Esscs%3D%3fhttp://s0.2mdn.net/dot.gif"
                ],
                "$customclick": []
            },
            "$mediafiles": [{
                "$id": "1",
                "$delivery": "progressive",
                "$type": "video/mp4",
                "$bitrate": "1500",
                "$width": "720",
                "$height": "480",
                "$source": "http://cdnapi.kaltura.com/p/777122/sp/77712200/playManifest/entryId/0_vriq23ct/flavorId/0_g0vnoj5i/format/url/protocol/http/a.mp4"
            }, {
                "$id": "2",
                "$delivery": "progressive",
                "$type": "video/mp4",
                "$bitrate": "356",
                "$width": "480",
                "$height": "260",
                "$source": "http://cdnapi.kaltura.com/p/777122/sp/77712200/playManifest/entryId/0_vriq23ct/flavorId/0_ve7wy5mt/format/url/protocol/http/a.mp4"
            }]
        }, {
            "_tagName": "creative",
            "$sequence": "1",
            "$adid": "",
            "$type": "companionads",
            "$list": [{
                "_tagName": "companion",
                "$id": "1",
                "$width": "300",
                "$height": "250",
                "$staticresource": "http://s0.2mdn.net/1248596/PID_1472073_1290217213786_PID_1244559_1265644904000_parisian_love_300x250.jpg",
                "$companionclickthrough": "http://www.google.com",
                "$alttext": "",
                "$adparameters": "",
                "_tagValue": []
            }, {
                "_tagName": "companion",
                "$id": "2",
                "$width": "728",
                "$height": "90",
                "$staticresource": "http://s0.2mdn.net/1248596/PID_1472074_1290217231811_PID_1244559_1265644932000_parisian_love_728x90.jpg",
                "$companionclickthrough": "http://www.google.com",
                "$alttext": "",
                "$adparameters": "",
                "_tagValue": []
            }, {
                "_tagName": "companion",
                "$id": "3",
                "$width": "300",
                "$height": "250",
                "$staticresource": "http://s0.2mdn.net/1248596/PID_1485267_1291327077547_parisian_love_300x250_click.swf",
                "$companionclickthrough": "http://www.google.com",
                "$alttext": "",
                "$adparameters": "",
                "_tagValue": []
            }, {
                "_tagName": "companion",
                "$id": "4",
                "$width": "728",
                "$height": "90",
                "$staticresource": "http://s0.2mdn.net/1248596/PID_1485268_1291327112590_parisian_love_728x90_click.swf",
                "$companionclickthrough": "http://www.google.com",
                "$alttext": "",
                "$adparameters": "",
                "_tagValue": []
            }],
            "_tagValue": []
        }, {
            "_tagName": "creative",
            "$sequence": "1",
            "$adid": "",
            "$type": "nonlinearads",
            "$list": [{
                "_tagName": "nonlinear",
                "$id": "1",
                "$width": "400",
                "$height": "150",
                "$scalable": "false",
                "$maintainaspectratio": "false",
                "$staticresource": "http://s0.2mdn.net/1248596/nonlinear_400x150_1297278849367.swf?clickTag=http://ad.doubleclick.net/click%3Bh%3Dv8/3ac0/3/0/%2a/b%3B236336770%3B0-0%3B1%3B13452535%3B267-300/300%3B40670887/40688674/1%3B%3B%7Eaopt%3D2/1/ff/1%3B%7Esscs%3D%3fhttp://www.google.com",
                "$adparameters": "",
                "_tagValue": [{
                    "_tagName": "nonlinearclickthrough",
                    "_tagValue": "http://ad.doubleclick.net/click%3Bh%3Dv8/3ac0/3/0/%2a/b%3B236336770%3B0-0%3B1%3B13452535%3B267-300/300%3B40670887/40688674/1%3B%3B%7Eaopt%3D2/1/ff/1%3B%7Esscs%3D%3fhttp://google.com"
                }]
            }, {
                "_tagName": "nonlinear",
                "$id": "3",
                "$width": "400",
                "$height": "150",
                "$scalable": "false",
                "$maintainaspectratio": "false",
                "$staticresource": "http://s0.2mdn.net/1248596/PID_1244559_1281625520000_google_1297278827773.jpg",
                "$adparameters": "",
                "_tagValue": [{
                    "_tagName": "nonlinearclickthrough",
                    "_tagValue": "http://ad.doubleclick.net/click%3Bh%3Dv8/3ac0/3/0/%2a/b%3B236336770%3B0-0%3B1%3B13452535%3B267-300/300%3B40670887/40688674/1%3B%3B%7Eaopt%3D2/1/ff/1%3B%7Esscs%3D%3fhttp://google.com"
                }]
            }, {
                "_tagName": "nonlinear",
                "$id": "3",
                "$width": "300",
                "$height": "250",
                "$scalable": "false",
                "$maintainaspectratio": "false",
                "$htmlresource": "<div><iframe src=\"http://adserver.teracent.net/tase/ad?AdBoxType=16&url=test.test&fmt=html&rnd=insert_random_number_macro_here&esc=0&rcu=insert_click_macro_for_clear_text_here\" width=\"300\" height=\"250\" align=\"center\" frameborder=\"0\" marginwidth=\"0\" marginheight=\"0\" vspace=\"0\" hspace=\"0\" allowtransparency=\"true\" scrolling=\"no\"></iframe></div>",
                "$adparameters": "",
                "_tagValue": [{
                    "_tagName": "nonlinearclickthrough",
                    "_tagValue": "http://ad.doubleclick.net/click%3Bh%3Dv8/3ac0/3/0/%2a/b%3B236336770%3B0-0%3B1%3B13452535%3B267-300/300%3B40670887/40688674/1%3B%3B%7Eaopt%3D2/1/ff/1%3B%7Esscs%3D%3fhttp://www.teracent.com/"
                }]
            }],
            "_tagValue": []
        }],
        "$extensions": [{
            "$type": "DART"
        }],
        "$error": [],
        "$redirects": 0
    }, {
        "$id": "preroll-2",
        "$sequence": "2",
        "$type": "inline",
        "$adsystem": "Test",
        "$adtitle": "IPhone ad",
        "$creatives": [{
            "$type": "linear",
            "$skipoffset": "00:00:05",
            "$duration": "00:02:15",
            "$trackingevents": {
                "$start": [],
                "$firstquartile": [],
                "$midpoint": [],
                "$thirdquartile": [],
                "$complete": [],
                "$pause": [],
                "$resume": [],
                "$mute": [],
                "$unmute": [],
                "$expand": [],
                "$collapse": [],
                "$rewind": [],
                "$skip": [],
                "$close": [],
                "$creativeview": [],
                "$fullscreen": [],
                "$acceptinvitation": [],
                "$exitfullscreen": [],
                "$acceptinvitationlinear": [],
                "$closelinear": [],
                "$progress": {
                    "1": [],
                    "2": [],
                    "3": [],
                    "4": [],
                    "5": [],
                    "6": [],
                    "7": [],
                    "8": [],
                    "9": [],
                    "10": [],
                    "11": [],
                    "12": [],
                    "13": [],
                    "14": [],
                    "15": [],
                    "16": [],
                    "17": [],
                    "18": [],
                    "19": [],
                    "20": [],
                    "21": [],
                    "22": [],
                    "23": [],
                    "24": [],
                    "25": [],
                    "26": [],
                    "27": [],
                    "28": [],
                    "29": [],
                    "30": [],
                    "31": [],
                    "32": [],
                    "33": [],
                    "34": [],
                    "35": [],
                    "36": [],
                    "37": [],
                    "38": [],
                    "39": [],
                    "40": [],
                    "41": [],
                    "42": [],
                    "43": [],
                    "44": [],
                    "45": [],
                    "46": [],
                    "47": [],
                    "48": [],
                    "49": [],
                    "50": [],
                    "51": [],
                    "52": [],
                    "53": [],
                    "54": [],
                    "55": [],
                    "56": [],
                    "57": [],
                    "58": [],
                    "59": [],
                    "60": [],
                    "61": [],
                    "62": [],
                    "63": [],
                    "64": [],
                    "65": [],
                    "66": [],
                    "67": [],
                    "68": [],
                    "69": [],
                    "70": [],
                    "71": [],
                    "72": [],
                    "73": [],
                    "74": [],
                    "75": [],
                    "76": [],
                    "77": [],
                    "78": [],
                    "79": [],
                    "80": [],
                    "81": [],
                    "82": [],
                    "83": [],
                    "84": [],
                    "85": [],
                    "86": [],
                    "87": [],
                    "88": [],
                    "89": [],
                    "90": [],
                    "91": [],
                    "92": [],
                    "93": [],
                    "94": [],
                    "95": [],
                    "96": [],
                    "97": [],
                    "98": [],
                    "99": [],
                    "100": [],
                    "101": [],
                    "102": [],
                    "103": [],
                    "104": [],
                    "105": [],
                    "106": [],
                    "107": [],
                    "108": [],
                    "109": [],
                    "110": [],
                    "111": [],
                    "112": [],
                    "113": [],
                    "114": [],
                    "115": [],
                    "116": [],
                    "117": [],
                    "118": [],
                    "119": [],
                    "120": [],
                    "121": [],
                    "122": [],
                    "123": [],
                    "124": [],
                    "125": [],
                    "126": [],
                    "127": [],
                    "128": [],
                    "129": [],
                    "130": [],
                    "131": [],
                    "132": [],
                    "133": [],
                    "134": [],
                    "135": []
                }
            },
            "$videoclicks": {
                "$clickthrough": [
                    "http://www.target.com"
                ],
                "$clicktracking": [],
                "$customclick": []
            },
            "$mediafiles": [{
                "$id": "1",
                "$delivery": "progressive",
                "$type": "video/mp4",
                "$bitrate": "1500",
                "$width": "720",
                "$height": "480",
                "$source": "http://cdnbakmi.kaltura.com/p/524241/sp/52424100/serveFlavor/entryId/0_mb7d3bcg/flavorId/0_xwolbf6p/name/a.mp4"
            }]
        }],
        "$impression": [],
        "$error": [],
        "$redirects": 0
    }]
}
