{
  "vast": {
    "name": "VAST",
    "value": [
      {
        "ad": {
          "name": "Ad",
          "value": [
            {
              "inline": {
                "name": "InLine",
                "value": [
                  {
                    "adsystem": {
                      "name": "AdSystem",
                      "value": "2.0",
                      "attributes": {}
                    }
                  },
                  {
                    "adtitle": {
                      "name": "AdTitle",
                      "value": "5748406",
                      "attributes": {}
                    }
                  },
                  {
                    "impression": {
                      "name": "Impression",
                      "value": "http://b.scorecardresearch.com/b?C1=1&C2=6000003&C3=0000000200500000197000000&C4=us&C7=http://www.scanscout.com&C8=scanscout.com&C9=http://www.scanscout.com&C10=xn&rn=-103217130",
                      "attributes": {
                        "id": "blah"
                      }
                    }
                  },
                  {
                    "creatives": {
                      "name": "Creatives",
                      "value": [
                        {
                          "creative": {
                            "name": "Creative",
                            "value": [
                              {
                                "linear": {
                                  "name": "Linear",
                                  "value": [
                                    {
                                      "duration": {
                                        "name": "Duration",
                                        "value": "00:00:30",
                                        "attributes": {}
                                      }
                                    },
                                    {
                                      "trackingevents": {
                                        "name": "TrackingEvents",
                                        "value": "",
                                        "attributes": {}
                                      }
                                    },
                                    {
                                      "videoclicks": {
                                        "name": "VideoClicks",
                                        "value": [
                                          {
                                            "clickthrough": {
                                              "name": "ClickThrough",
                                              "value": "http://www.target.com",
                                              "attributes": {
                                                "id": "scanscout"
                                              }
                                            }
                                          },
                                          {
                                            "clickthrough": {
                                              "name": "ClickThrough",
                                              "value": "http://www.target.com",
                                              "attributes": {
                                                "id": "scanscout"
                                              }
                                            }
                                          }
                                        ],
                                        "attributes": {}
                                      }
                                    },
                                    {
                                      "mediafiles": {
                                        "name": "MediaFiles",
                                        "value": [
                                          {
                                            "mediafile": {
                                              "name": "MediaFile",
                                              "value": "http://media.scanscout.com/ads/partner1_a1d1fbbc-c4d4-419f-b6c8-e9db63fd4491.flv",
                                              "attributes": {
                                                "height": "396",
                                                "width": "600",
                                                "bitrate": "496",
                                                "type": "video/x-flv",
                                                "delivery": "progressive"
                                              }
                                            }
                                          }
                                        ],
                                        "attributes": {}
                                      }
                                    }
                                  ],
                                  "attributes": {}
                                }
                              }
                            ],
                            "attributes": {}
                          }
                        },
                        {
                          "creative": {
                            "name": "Creative",
                            "value": [
                              {
                                "companionads": {
                                  "name": "CompanionAds",
                                  "value": [
                                    {
                                      "companion": {
                                        "name": "Companion",
                                        "value": [
                                          {
                                            "htmlresource": {
                                              "name": "HTMLResource",
                                              "value": "<A onClick=\"var i= new Image(1,1); i.src='http://app.scanscout.com/ssframework/log/log.png?a=logitemaction&RI=555750&CbC=1&CbF=true&EC=0&RC=0&SmC=2&CbM=1.0E-5&VI=736e6b13bad531dc476bc3612749bc35&admode=preroll&PRI=-4827170214961170629&RprC=0&ADsn=17&VcaI=192,197&RrC=1&VgI=736e6b13bad531dc476bc3612749bc35&AVI=142&Ust=ma&Uctry=us&CI=1223187&AC=4&PI=567&Udma=506&ADI=5748406&VclF=true';\" HREF=\"http://target.com\" target=\"_blank\"><IMG SRC=\"http://media.scanscout.com/ads/target300x250Companion.jpg\" BORDER=0 WIDTH=300 HEIGHT=250 ALT=\"Click Here\"></A><img src=\"http://app.scanscout.com/ssframework/log/log.png?a=logitemaction&RI=555750&CbC=1&CbF=true&EC=1&RC=0&SmC=2&CbM=1.0E-5&VI=736e6b13bad531dc476bc3612749bc35&admode=preroll&PRI=-4827170214961170629&RprC=0&ADsn=17&VcaI=192,197&RrC=1&VgI=736e6b13bad531dc476bc3612749bc35&AVI=142&Ust=ma&Uctry=us&CI=1223187&AC=4&PI=567&Udma=506&ADI=5748406&VclF=true\" height=\"1\" width=\"1\">",
                                              "attributes": {}
                                            }
                                          }
                                        ],
                                        "attributes": {
                                          "height": "250",
                                          "width": "300",
                                          "id": "555750"
                                        }
                                      }
                                    }
                                  ],
                                  "attributes": {}
                                }
                              }
                            ],
                            "attributes": {}
                          }
                        }
                      ],
                      "attributes": {}
                    }
                  }
                ],
                "attributes": {}
              }
            }
          ],
          "attributes": {
            "id": "preroll-1"
          }
        }
      }
    ],
    "attributes": {
      "version": "2.0"
    }
  }
}
