{
    "$version": "2.0",
    "$ads": [{
        "$id": "preroll-1",
        "$type": "inline",
        "$adsystem": "2.0",
        "$adtitle": "5748406",
        "$impression": [
            "http://b.scorecardresearch.com/b?C1=1&C2=6000003&C3=0000000200500000197000000&C4=us&C7=http://www.scanscout.com&C8=scanscout.com&C9=http://www.scanscout.com&C10=xn&rn=-103217130"
        ],
        "$creatives": [{
            "$type": "linear",
            "$duration": "00:00:30",
            "$trackingevents": {
                "$start": [],
                "$firstquartile": [],
                "$midpoint": [],
                "$thirdquartile": [],
                "$complete": [],
                "$pause": [],
                "$resume": [],
                "$mute": [],
                "$unmute": [],
                "$expand": [],
                "$collapse": [],
                "$rewind": [],
                "$skip": [],
                "$close": [],
                "$creativeview": [],
                "$fullscreen": [],
                "$acceptinvitation": [],
                "$exitfullscreen": [],
                "$acceptinvitationlinear": [],
                "$closelinear": [],
                "$progress": {
                    "1": [],
                    "2": [],
                    "3": [],
                    "4": [],
                    "5": [],
                    "6": [],
                    "7": [],
                    "8": [],
                    "9": [],
                    "10": [],
                    "11": [],
                    "12": [],
                    "13": [],
                    "14": [],
                    "15": [],
                    "16": [],
                    "17": [],
                    "18": [],
                    "19": [],
                    "20": [],
                    "21": [],
                    "22": [],
                    "23": [],
                    "24": [],
                    "25": [],
                    "26": [],
                    "27": [],
                    "28": [],
                    "29": [],
                    "30": []
                }
            },
            "$videoclicks": {
                "$clickthrough": [
                    "http://www.target.com"
                ],
                "$clicktracking": [],
                "$customclick": []
            },
            "$mediafiles": [{
                "$height": "396",
                "$width": "600",
                "$bitrate": "496",
                "$type": "video/x-flv",
                "$delivery": "progressive",
                "$source": "http://media.scanscout.com/ads/partner1_a1d1fbbc-c4d4-419f-b6c8-e9db63fd4491.flv"
            }]
        }, {
            "_tagName": "creative",
            "$type": "companionads",
            "$list": [{
                "_tagName": "companion",
                "$height": "250",
                "$width": "300",
                "$id": "555750",
                "$htmlresource": "<A onClick=\"var i= new Image(1,1); i.src='http://app.scanscout.com/ssframework/log/log.png?a=logitemaction&RI=555750&CbC=1&CbF=true&EC=0&RC=0&SmC=2&CbM=1.0E-5&VI=736e6b13bad531dc476bc3612749bc35&admode=preroll&PRI=-4827170214961170629&RprC=0&ADsn=17&VcaI=192,197&RrC=1&VgI=736e6b13bad531dc476bc3612749bc35&AVI=142&Ust=ma&Uctry=us&CI=1223187&AC=4&PI=567&Udma=506&ADI=5748406&VclF=true';\" HREF=\"http://target.com\" target=\"_blank\"><IMG SRC=\"http://media.scanscout.com/ads/target300x250Companion.jpg\" BORDER=0 WIDTH=300 HEIGHT=250 ALT=\"Click Here\"></A><img src=\"http://app.scanscout.com/ssframework/log/log.png?a=logitemaction&RI=555750&CbC=1&CbF=true&EC=1&RC=0&SmC=2&CbM=1.0E-5&VI=736e6b13bad531dc476bc3612749bc35&admode=preroll&PRI=-4827170214961170629&RprC=0&ADsn=17&VcaI=192,197&RrC=1&VgI=736e6b13bad531dc476bc3612749bc35&AVI=142&Ust=ma&Uctry=us&CI=1223187&AC=4&PI=567&Udma=506&ADI=5748406&VclF=true\" height=\"1\" width=\"1\">",
                "_tagValue": []
            }],
            "_tagValue": []
        }],
        "$error": [],
        "$redirects": 0
    }]
}
