{
    "$version": "4.0",
    "$error": [
        "http://adserver.com/noad.gif"
    ],
    "$ads": []
}
